
> task-master@0.0.1 build
> nest build

node.exe : node:internal/modules/cjs/loader:1386
At line:1 char:1
+ & "C:\Program Files\nodejs/node.exe" "C:\Users\Fss-108\AppData\Roamin ...
+ ~~~~~~~~~~~~~~~~~~~~~~~~~~~~~~~~~~~~~~~~~~~~~~~~~~~~~~~~~~~~~~~~~~~~~
    + CategoryInfo          : NotSpecified: (node:internal/modules/cjs/loader:1386:String) [], RemoteException
    + FullyQualifiedErrorId : NativeCommandError
 
  throw err;
  ^

Error: Cannot find module './mapTo'
Require stack:
- D:\Saurabh\practice\nest_js\task-master\node_modules\@angular-devkit\core\node_modules\rxjs\dist\cjs\internal\op
erators\delayWhen.js
- D:\Saurabh\practice\nest_js\task-master\node_modules\@angular-devkit\core\node_modules\rxjs\dist\cjs\internal\op
erators\delay.js
- D:\Saurabh\practice\nest_js\task-master\node_modules\@angular-devkit\core\node_modules\rxjs\dist\cjs\index.js
- D:\Saurabh\practice\nest_js\task-master\node_modules\@angular-devkit\core\src\json\schema\registry.js
- D:\Saurabh\practice\nest_js\task-master\node_modules\@angular-devkit\core\src\json\schema\index.js
- D:\Saurabh\practice\nest_js\task-master\node_modules\@angular-devkit\core\src\json\index.js
- D:\Saurabh\practice\nest_js\task-master\node_modules\@angular-devkit\core\src\index.js
- D:\Saurabh\practice\nest_js\task-master\node_modules\@angular-devkit\schematics\tools\file-system-engine-host-ba
se.js
- D:\Saurabh\practice\nest_js\task-master\node_modules\@angular-devkit\schematics\tools\index.js
- D:\Saurabh\practice\nest_js\task-master\node_modules\@nestjs\cli\lib\schematics\custom.collection.js
- D:\Saurabh\practice\nest_js\task-master\node_modules\@nestjs\cli\lib\schematics\collection.factory.js
- D:\Saurabh\practice\nest_js\task-master\node_modules\@nestjs\cli\lib\schematics\index.js
- D:\Saurabh\practice\nest_js\task-master\node_modules\@nestjs\cli\actions\generate.action.js
- D:\Saurabh\practice\nest_js\task-master\node_modules\@nestjs\cli\actions\index.js
- D:\Saurabh\practice\nest_js\task-master\node_modules\@nestjs\cli\commands\command.loader.js
- D:\Saurabh\practice\nest_js\task-master\node_modules\@nestjs\cli\commands\index.js
- D:\Saurabh\practice\nest_js\task-master\node_modules\@nestjs\cli\bin\nest.js
    at Function._resolveFilename (node:internal/modules/cjs/loader:1383:15)
    at defaultResolveImpl (node:internal/modules/cjs/loader:1025:19)
    at resolveForCJSWithHooks (node:internal/modules/cjs/loader:1030:22)
    at Function._load (node:internal/modules/cjs/loader:1192:37)
    at TracingChannel.traceSync (node:diagnostics_channel:328:14)
    at wrapModuleLoad (node:internal/modules/cjs/loader:237:24)
    at Module.require (node:internal/modules/cjs/loader:1463:12)
    at require (node:internal/modules/helpers:147:16)
    at Object.<anonymous> (D:\Saurabh\practice\nest_js\task-master\node_modules\@angular-devkit\core\node_modules\
rxjs\dist\cjs\internal\operators\delayWhen.js:7:15)
    at Module._compile (node:internal/modules/cjs/loader:1706:14) {
  code: 'MODULE_NOT_FOUND',
  requireStack: [
    'D:\\Saurabh\\practice\\nest_js\\task-master\\node_modules\\@angular-devkit\\core\\node_modules\\rxjs\\dist\\c
js\\internal\\operators\\delayWhen.js',
    'D:\\Saurabh\\practice\\nest_js\\task-master\\node_modules\\@angular-devkit\\core\\node_modules\\rxjs\\dist\\c
js\\internal\\operators\\delay.js',
    'D:\\Saurabh\\practice\\nest_js\\task-master\\node_modules\\@angular-devkit\\core\\node_modules\\rxjs\\dist\\c
js\\index.js',
    'D:\\Saurabh\\practice\\nest_js\\task-master\\node_modules\\@angular-devkit\\core\\src\\json\\schema\\registry
.js',
    
'D:\\Saurabh\\practice\\nest_js\\task-master\\node_modules\\@angular-devkit\\core\\src\\json\\schema\\index.js',
    'D:\\Saurabh\\practice\\nest_js\\task-master\\node_modules\\@angular-devkit\\core\\src\\json\\index.js',
    'D:\\Saurabh\\practice\\nest_js\\task-master\\node_modules\\@angular-devkit\\core\\src\\index.js',
    'D:\\Saurabh\\practice\\nest_js\\task-master\\node_modules\\@angular-devkit\\schematics\\tools\\file-system-en
gine-host-base.js',
    'D:\\Saurabh\\practice\\nest_js\\task-master\\node_modules\\@angular-devkit\\schematics\\tools\\index.js',
    
'D:\\Saurabh\\practice\\nest_js\\task-master\\node_modules\\@nestjs\\cli\\lib\\schematics\\custom.collection.js',
    
'D:\\Saurabh\\practice\\nest_js\\task-master\\node_modules\\@nestjs\\cli\\lib\\schematics\\collection.factory.js',
    'D:\\Saurabh\\practice\\nest_js\\task-master\\node_modules\\@nestjs\\cli\\lib\\schematics\\index.js',
    'D:\\Saurabh\\practice\\nest_js\\task-master\\node_modules\\@nestjs\\cli\\actions\\generate.action.js',
    'D:\\Saurabh\\practice\\nest_js\\task-master\\node_modules\\@nestjs\\cli\\actions\\index.js',
    'D:\\Saurabh\\practice\\nest_js\\task-master\\node_modules\\@nestjs\\cli\\commands\\command.loader.js',
    'D:\\Saurabh\\practice\\nest_js\\task-master\\node_modules\\@nestjs\\cli\\commands\\index.js',
    'D:\\Saurabh\\practice\\nest_js\\task-master\\node_modules\\@nestjs\\cli\\bin\\nest.js'
  ]
}

Node.js v22.22.0
